main.c:135:5:main	16	static
main.c:231:6:SystemClock_Config	88	static
main.c:276:13:MX_ADC1_Init	24	static
main.c:326:13:MX_I2C1_Init	8	static
main.c:360:13:MX_SPI1_Init	8	static
main.c:398:13:MX_TIM1_Init	80	static
main.c:470:13:MX_TIM2_Init	32	static
main.c:515:13:MX_TIM3_Init	32	static
main.c:560:13:MX_TIM4_Init	32	static
main.c:605:13:MX_GPIO_Init	48	static
main.c:691:6:HAL_TIM_PeriodElapsedCallback	16	static
main.c:718:6:start_pwm	16	static
main.c:733:6:enable_motor	8	static
main.c:756:6:disable_motor	8	static
main.c:773:6:initialize_angle	8	static
main.c:785:6:pi_loop	24	static
main.c:804:6:run_motor	8	static
main.c:810:6:stop_motor	8	static
main.c:815:6:velocity_control_loop	24	static
main.c:830:5:get_phase	16	static
main.c:835:6:set_phase_voltages	32	static
main.c:925:6:adjust_PWM_DC	32	static
main.c:950:6:HAL_I2C_ListenCpltCallback	16	static
main.c:955:6:HAL_I2C_SlaveTxCpltCallback	16	static
main.c:960:6:HAL_I2C_SlaveRxCpltCallback	16	static
main.c:965:6:HAL_I2C_AddrCallback	16	static
main.c:977:6:HAL_I2C_ErrorCallback	16	static
main.c:989:6:Error_Handler	4	static,ignoring_inline_asm
